Analysis & Synthesis report for ULA_project
Fri Nov 02 16:22:04 2018
Quartus II Version 9.1 Build 350 03/24/2010 Service Pack 2 SJ Web Edition


---------------------
; Table of Contents ;
---------------------
  1. Legal Notice
  2. Analysis & Synthesis Summary
  3. Analysis & Synthesis Settings
  4. Parallel Compilation
  5. Analysis & Synthesis Source Files Read
  6. Analysis & Synthesis Resource Usage Summary
  7. Analysis & Synthesis Resource Utilization by Entity
  8. General Register Statistics
  9. Analysis & Synthesis Messages



----------------
; Legal Notice ;
----------------
Copyright (C) 1991-2010 Altera Corporation
Your use of Altera Corporation's design tools, logic functions 
and other software and tools, and its AMPP partner logic 
functions, and any output files from any of the foregoing 
(including device programming or simulation files), and any 
associated documentation or information are expressly subject 
to the terms and conditions of the Altera Program License 
Subscription Agreement, Altera MegaCore Function License 
Agreement, or other applicable license agreement, including, 
without limitation, that your use is for the sole purpose of 
programming logic devices manufactured by Altera and sold by 
Altera or its authorized distributors.  Please refer to the 
applicable agreement for further details.



+------------------------------------------------------------------------------+
; Analysis & Synthesis Summary                                                 ;
+-------------------------------+----------------------------------------------+
; Analysis & Synthesis Status   ; Successful - Fri Nov 02 16:22:04 2018        ;
; Quartus II Version            ; 9.1 Build 350 03/24/2010 SP 2 SJ Web Edition ;
; Revision Name                 ; ULA_project                                  ;
; Top-level Entity Name         ; ULA_Final                                    ;
; Family                        ; Stratix II                                   ;
; Logic utilization             ; N/A                                          ;
;     Combinational ALUTs       ; 25                                           ;
;     Dedicated logic registers ; 0                                            ;
; Total registers               ; 0                                            ;
; Total pins                    ; 27                                           ;
; Total virtual pins            ; 0                                            ;
; Total block memory bits       ; 0                                            ;
; DSP block 9-bit elements      ; 0                                            ;
; Total PLLs                    ; 0                                            ;
; Total DLLs                    ; 0                                            ;
+-------------------------------+----------------------------------------------+


+----------------------------------------------------------------------------------------------------------------------+
; Analysis & Synthesis Settings                                                                                        ;
+----------------------------------------------------------------------------+--------------------+--------------------+
; Option                                                                     ; Setting            ; Default Value      ;
+----------------------------------------------------------------------------+--------------------+--------------------+
; Top-level entity name                                                      ; ULA_Final          ; ULA_project        ;
; Family name                                                                ; Stratix II         ; Stratix II         ;
; Use Generated Physical Constraints File                                    ; Off                ;                    ;
; Use smart compilation                                                      ; Off                ; Off                ;
; Enable parallel Assembler and TimeQuest Timing Analyzer during compilation ; On                 ; On                 ;
; Enable compact report table                                                ; Off                ; Off                ;
; Restructure Multiplexers                                                   ; Auto               ; Auto               ;
; Create Debugging Nodes for IP Cores                                        ; Off                ; Off                ;
; Preserve fewer node names                                                  ; On                 ; On                 ;
; Disable OpenCore Plus hardware evaluation                                  ; Off                ; Off                ;
; Verilog Version                                                            ; Verilog_2001       ; Verilog_2001       ;
; VHDL Version                                                               ; VHDL_1993          ; VHDL_1993          ;
; State Machine Processing                                                   ; Auto               ; Auto               ;
; Safe State Machine                                                         ; Off                ; Off                ;
; Extract Verilog State Machines                                             ; On                 ; On                 ;
; Extract VHDL State Machines                                                ; On                 ; On                 ;
; Ignore Verilog initial constructs                                          ; Off                ; Off                ;
; Iteration limit for constant Verilog loops                                 ; 5000               ; 5000               ;
; Iteration limit for non-constant Verilog loops                             ; 250                ; 250                ;
; Add Pass-Through Logic to Inferred RAMs                                    ; On                 ; On                 ;
; Parallel Synthesis                                                         ; On                 ; On                 ;
; DSP Block Balancing                                                        ; Auto               ; Auto               ;
; NOT Gate Push-Back                                                         ; On                 ; On                 ;
; Power-Up Don't Care                                                        ; On                 ; On                 ;
; Remove Redundant Logic Cells                                               ; Off                ; Off                ;
; Remove Duplicate Registers                                                 ; On                 ; On                 ;
; Ignore CARRY Buffers                                                       ; Off                ; Off                ;
; Ignore CASCADE Buffers                                                     ; Off                ; Off                ;
; Ignore GLOBAL Buffers                                                      ; Off                ; Off                ;
; Ignore ROW GLOBAL Buffers                                                  ; Off                ; Off                ;
; Ignore LCELL Buffers                                                       ; Off                ; Off                ;
; Ignore SOFT Buffers                                                        ; On                 ; On                 ;
; Limit AHDL Integers to 32 Bits                                             ; Off                ; Off                ;
; Optimization Technique                                                     ; Balanced           ; Balanced           ;
; Carry Chain Length                                                         ; 70                 ; 70                 ;
; Auto Carry Chains                                                          ; On                 ; On                 ;
; Auto Open-Drain Pins                                                       ; On                 ; On                 ;
; Perform WYSIWYG Primitive Resynthesis                                      ; Off                ; Off                ;
; Auto ROM Replacement                                                       ; On                 ; On                 ;
; Auto RAM Replacement                                                       ; On                 ; On                 ;
; Auto DSP Block Replacement                                                 ; On                 ; On                 ;
; Auto Shift Register Replacement                                            ; Auto               ; Auto               ;
; Auto Clock Enable Replacement                                              ; On                 ; On                 ;
; Strict RAM Replacement                                                     ; Off                ; Off                ;
; Allow Synchronous Control Signals                                          ; On                 ; On                 ;
; Force Use of Synchronous Clear Signals                                     ; Off                ; Off                ;
; Auto RAM Block Balancing                                                   ; On                 ; On                 ;
; Auto RAM to Logic Cell Conversion                                          ; Off                ; Off                ;
; Auto Resource Sharing                                                      ; Off                ; Off                ;
; Allow Any RAM Size For Recognition                                         ; Off                ; Off                ;
; Allow Any ROM Size For Recognition                                         ; Off                ; Off                ;
; Allow Any Shift Register Size For Recognition                              ; Off                ; Off                ;
; Use LogicLock Constraints during Resource Balancing                        ; On                 ; On                 ;
; Ignore translate_off and synthesis_off directives                          ; Off                ; Off                ;
; Timing-Driven Synthesis                                                    ; Off                ; Off                ;
; Show Parameter Settings Tables in Synthesis Report                         ; On                 ; On                 ;
; Ignore Maximum Fan-Out Assignments                                         ; Off                ; Off                ;
; Synchronization Register Chain Length                                      ; 2                  ; 2                  ;
; PowerPlay Power Optimization                                               ; Normal compilation ; Normal compilation ;
; HDL message level                                                          ; Level2             ; Level2             ;
; Suppress Register Optimization Related Messages                            ; Off                ; Off                ;
; Number of Removed Registers Reported in Synthesis Report                   ; 5000               ; 5000               ;
; Number of Inverted Registers Reported in Synthesis Report                  ; 100                ; 100                ;
; Clock MUX Protection                                                       ; On                 ; On                 ;
; Auto Gated Clock Conversion                                                ; Off                ; Off                ;
; Block Design Naming                                                        ; Auto               ; Auto               ;
; SDC constraint protection                                                  ; Off                ; Off                ;
; Synthesis Effort                                                           ; Auto               ; Auto               ;
; Shift Register Replacement - Allow Asynchronous Clear Signal               ; On                 ; On                 ;
; Analysis & Synthesis Message Level                                         ; Medium             ; Medium             ;
; Disable Register Merging Across Hierarchies                                ; Auto               ; Auto               ;
; Resource Aware Inference For Block RAM                                     ; On                 ; On                 ;
+----------------------------------------------------------------------------+--------------------+--------------------+


Parallel compilation was disabled, but you have multiple processors available. Enable parallel compilation to reduce compilation time.
+-------------------------------------+
; Parallel Compilation                ;
+----------------------------+--------+
; Processors                 ; Number ;
+----------------------------+--------+
; Number detected on machine ; 2      ;
; Maximum allowed            ; 1      ;
+----------------------------+--------+


+-------------------------------------------------------------------------------------------------------------------------------------------------------------------------------------------+
; Analysis & Synthesis Source Files Read                                                                                                                                                    ;
+-------------------------------------------+-----------------+------------------------------------+----------------------------------------------------------------------------------------+
; File Name with User-Entered Path          ; Used in Netlist ; File Type                          ; File Name with Absolute Path                                                           ;
+-------------------------------------------+-----------------+------------------------------------+----------------------------------------------------------------------------------------+
; Somador/FullAdder.bdf                     ; yes             ; User Block Diagram/Schematic File  ; E:/UFPE/Sistemas Digitais - IF675/projeto1SD/Somador/FullAdder.bdf                     ;
; Somador/MUX2x1.bdf                        ; yes             ; User Block Diagram/Schematic File  ; E:/UFPE/Sistemas Digitais - IF675/projeto1SD/Somador/MUX2x1.bdf                        ;
; Somador/Sum.bdf                           ; yes             ; User Block Diagram/Schematic File  ; E:/UFPE/Sistemas Digitais - IF675/projeto1SD/Somador/Sum.bdf                           ;
; Somador/CarryOut.bdf                      ; yes             ; User Block Diagram/Schematic File  ; E:/UFPE/Sistemas Digitais - IF675/projeto1SD/Somador/CarryOut.bdf                      ;
; Igual/Igual.bdf                           ; yes             ; User Block Diagram/Schematic File  ; E:/UFPE/Sistemas Digitais - IF675/projeto1SD/Igual/Igual.bdf                           ;
; Igual/IgualBit.bdf                        ; yes             ; User Block Diagram/Schematic File  ; E:/UFPE/Sistemas Digitais - IF675/projeto1SD/Igual/IgualBit.bdf                        ;
; Somador/Somador.bdf                       ; yes             ; User Block Diagram/Schematic File  ; E:/UFPE/Sistemas Digitais - IF675/projeto1SD/Somador/Somador.bdf                       ;
; Complemento2/Complemento2.bdf             ; yes             ; User Block Diagram/Schematic File  ; E:/UFPE/Sistemas Digitais - IF675/projeto1SD/Complemento2/Complemento2.bdf             ;
; And/AndVector.bdf                         ; yes             ; User Block Diagram/Schematic File  ; E:/UFPE/Sistemas Digitais - IF675/projeto1SD/And/AndVector.bdf                         ;
; Xor/XorVector.bdf                         ; yes             ; User Block Diagram/Schematic File  ; E:/UFPE/Sistemas Digitais - IF675/projeto1SD/Xor/XorVector.bdf                         ;
; Maior/MaiorBit.bdf                        ; yes             ; User Block Diagram/Schematic File  ; E:/UFPE/Sistemas Digitais - IF675/projeto1SD/Maior/MaiorBit.bdf                        ;
; Maior/Maior.bdf                           ; yes             ; User Block Diagram/Schematic File  ; E:/UFPE/Sistemas Digitais - IF675/projeto1SD/Maior/Maior.bdf                           ;
; Menor/MenorBit.bdf                        ; yes             ; User Block Diagram/Schematic File  ; E:/UFPE/Sistemas Digitais - IF675/projeto1SD/Menor/MenorBit.bdf                        ;
; Menor/Menor.bdf                           ; yes             ; User Block Diagram/Schematic File  ; E:/UFPE/Sistemas Digitais - IF675/projeto1SD/Menor/Menor.bdf                           ;
; MUX/MUX8x1.bdf                            ; yes             ; User Block Diagram/Schematic File  ; E:/UFPE/Sistemas Digitais - IF675/projeto1SD/MUX/MUX8x1.bdf                            ;
; Decodifocador_Func/Decodificador_Func.bdf ; yes             ; User Block Diagram/Schematic File  ; E:/UFPE/Sistemas Digitais - IF675/projeto1SD/Decodifocador_Func/Decodificador_Func.bdf ;
; MUX/MUX8x1Correct.bdf                     ; yes             ; User Block Diagram/Schematic File  ; E:/UFPE/Sistemas Digitais - IF675/projeto1SD/MUX/MUX8x1Correct.bdf                     ;
; ULA.bdf                                   ; yes             ; User Block Diagram/Schematic File  ; E:/UFPE/Sistemas Digitais - IF675/projeto1SD/ULA.bdf                                   ;
; ULA_Final.bdf                             ; yes             ; User Block Diagram/Schematic File  ; E:/UFPE/Sistemas Digitais - IF675/projeto1SD/ULA_Final.bdf                             ;
+-------------------------------------------+-----------------+------------------------------------+----------------------------------------------------------------------------------------+


+--------------------------------------------------------+
; Analysis & Synthesis Resource Usage Summary            ;
+-----------------------------------------------+--------+
; Resource                                      ; Usage  ;
+-----------------------------------------------+--------+
; Estimated ALUTs Used                          ; 25     ;
; Dedicated logic registers                     ; 0      ;
;                                               ;        ;
; Estimated ALUTs Unavailable                   ; 7      ;
;                                               ;        ;
; Total combinational functions                 ; 25     ;
; Combinational ALUT usage by number of inputs  ;        ;
;     -- 7 input functions                      ; 2      ;
;     -- 6 input functions                      ; 5      ;
;     -- 5 input functions                      ; 7      ;
;     -- 4 input functions                      ; 7      ;
;     -- <=3 input functions                    ; 4      ;
;                                               ;        ;
; Combinational ALUTs by mode                   ;        ;
;     -- normal mode                            ; 23     ;
;     -- extended LUT mode                      ; 2      ;
;     -- arithmetic mode                        ; 0      ;
;     -- shared arithmetic mode                 ; 0      ;
;                                               ;        ;
; Estimated ALUT/register pairs used            ; 32     ;
;                                               ;        ;
; Total registers                               ; 0      ;
;     -- Dedicated logic registers              ; 0      ;
;     -- I/O registers                          ; 0      ;
;                                               ;        ;
; Estimated ALMs:  partially or completely used ; 16     ;
;                                               ;        ;
; I/O pins                                      ; 27     ;
; Maximum fan-out node                          ; SEL[0] ;
; Maximum fan-out                               ; 12     ;
; Total fan-out                                 ; 128    ;
; Average fan-out                               ; 2.46   ;
+-----------------------------------------------+--------+


+-------------------------------------------------------------------------------------------------------------------------------------------------------------------------------------------------------------------------------------------------------------------+
; Analysis & Synthesis Resource Utilization by Entity                                                                                                                                                                                                               ;
+---------------------------------+-------------------+--------------+-------------------+--------------+---------+-----------+-----------+------+--------------+------------------------------------------------------------------------------------+--------------+
; Compilation Hierarchy Node      ; LC Combinationals ; LC Registers ; Block Memory Bits ; DSP Elements ; DSP 9x9 ; DSP 18x18 ; DSP 36x36 ; Pins ; Virtual Pins ; Full Hierarchy Name                                                                ; Library Name ;
+---------------------------------+-------------------+--------------+-------------------+--------------+---------+-----------+-----------+------+--------------+------------------------------------------------------------------------------------+--------------+
; |ULA_Final                      ; 25 (0)            ; 0 (0)        ; 0                 ; 0            ; 0       ; 0         ; 0         ; 27   ; 0            ; |ULA_Final                                                                         ; work         ;
;    |Decodificador_Func:inst1|   ; 7 (7)             ; 0 (0)        ; 0                 ; 0            ; 0       ; 0         ; 0         ; 0    ; 0            ; |ULA_Final|Decodificador_Func:inst1                                                ; work         ;
;    |ULA:inst|                   ; 18 (0)            ; 0 (0)        ; 0                 ; 0            ; 0       ; 0         ; 0         ; 0    ; 0            ; |ULA_Final|ULA:inst                                                                ;              ;
;       |Complemento2:inst2|      ; 1 (0)             ; 0 (0)        ; 0                 ; 0            ; 0       ; 0         ; 0         ; 0    ; 0            ; |ULA_Final|ULA:inst|Complemento2:inst2                                             ; work         ;
;          |Somador:inst|         ; 1 (0)             ; 0 (0)        ; 0                 ; 0            ; 0       ; 0         ; 0         ; 0    ; 0            ; |ULA_Final|ULA:inst|Complemento2:inst2|Somador:inst                                ; work         ;
;             |FullAdder:inst9|   ; 1 (0)             ; 0 (0)        ; 0                 ; 0            ; 0       ; 0         ; 0         ; 0    ; 0            ; |ULA_Final|ULA:inst|Complemento2:inst2|Somador:inst|FullAdder:inst9                ; work         ;
;                |CarryOut:inst2| ; 1 (1)             ; 0 (0)        ; 0                 ; 0            ; 0       ; 0         ; 0         ; 0    ; 0            ; |ULA_Final|ULA:inst|Complemento2:inst2|Somador:inst|FullAdder:inst9|CarryOut:inst2 ; work         ;
;       |MUX8x1Correct:inst11|    ; 13 (0)            ; 0 (0)        ; 0                 ; 0            ; 0       ; 0         ; 0         ; 0    ; 0            ; |ULA_Final|ULA:inst|MUX8x1Correct:inst11                                           ; work         ;
;          |MUX8x1:inst1|         ; 1 (1)             ; 0 (0)        ; 0                 ; 0            ; 0       ; 0         ; 0         ; 0    ; 0            ; |ULA_Final|ULA:inst|MUX8x1Correct:inst11|MUX8x1:inst1                              ; work         ;
;          |MUX8x1:inst2|         ; 2 (2)             ; 0 (0)        ; 0                 ; 0            ; 0       ; 0         ; 0         ; 0    ; 0            ; |ULA_Final|ULA:inst|MUX8x1Correct:inst11|MUX8x1:inst2                              ; work         ;
;          |MUX8x1:inst3|         ; 2 (2)             ; 0 (0)        ; 0                 ; 0            ; 0       ; 0         ; 0         ; 0    ; 0            ; |ULA_Final|ULA:inst|MUX8x1Correct:inst11|MUX8x1:inst3                              ; work         ;
;          |MUX8x1:inst4|         ; 2 (2)             ; 0 (0)        ; 0                 ; 0            ; 0       ; 0         ; 0         ; 0    ; 0            ; |ULA_Final|ULA:inst|MUX8x1Correct:inst11|MUX8x1:inst4                              ; work         ;
;          |MUX8x1:inst5|         ; 5 (5)             ; 0 (0)        ; 0                 ; 0            ; 0       ; 0         ; 0         ; 0    ; 0            ; |ULA_Final|ULA:inst|MUX8x1Correct:inst11|MUX8x1:inst5                              ; work         ;
;          |MUX8x1:inst|          ; 1 (1)             ; 0 (0)        ; 0                 ; 0            ; 0       ; 0         ; 0         ; 0    ; 0            ; |ULA_Final|ULA:inst|MUX8x1Correct:inst11|MUX8x1:inst                               ; work         ;
;       |Somador:inst|            ; 4 (0)             ; 0 (0)        ; 0                 ; 0            ; 0       ; 0         ; 0         ; 0    ; 0            ; |ULA_Final|ULA:inst|Somador:inst                                                   ; work         ;
;          |FullAdder:inst11|     ; 2 (0)             ; 0 (0)        ; 0                 ; 0            ; 0       ; 0         ; 0         ; 0    ; 0            ; |ULA_Final|ULA:inst|Somador:inst|FullAdder:inst11                                  ; work         ;
;             |CarryOut:inst2|    ; 1 (1)             ; 0 (0)        ; 0                 ; 0            ; 0       ; 0         ; 0         ; 0    ; 0            ; |ULA_Final|ULA:inst|Somador:inst|FullAdder:inst11|CarryOut:inst2                   ; work         ;
;             |Sum:inst|          ; 1 (1)             ; 0 (0)        ; 0                 ; 0            ; 0       ; 0         ; 0         ; 0    ; 0            ; |ULA_Final|ULA:inst|Somador:inst|FullAdder:inst11|Sum:inst                         ; work         ;
;          |FullAdder:inst9|      ; 1 (0)             ; 0 (0)        ; 0                 ; 0            ; 0       ; 0         ; 0         ; 0    ; 0            ; |ULA_Final|ULA:inst|Somador:inst|FullAdder:inst9                                   ; work         ;
;             |CarryOut:inst2|    ; 1 (1)             ; 0 (0)        ; 0                 ; 0            ; 0       ; 0         ; 0         ; 0    ; 0            ; |ULA_Final|ULA:inst|Somador:inst|FullAdder:inst9|CarryOut:inst2                    ; work         ;
;          |FullAdder:inst|       ; 1 (0)             ; 0 (0)        ; 0                 ; 0            ; 0       ; 0         ; 0         ; 0    ; 0            ; |ULA_Final|ULA:inst|Somador:inst|FullAdder:inst                                    ; work         ;
;             |CarryOut:inst2|    ; 1 (1)             ; 0 (0)        ; 0                 ; 0            ; 0       ; 0         ; 0         ; 0    ; 0            ; |ULA_Final|ULA:inst|Somador:inst|FullAdder:inst|CarryOut:inst2                     ; work         ;
+---------------------------------+-------------------+--------------+-------------------+--------------+---------+-----------+-----------+------+--------------+------------------------------------------------------------------------------------+--------------+
Note: For table entries with two numbers listed, the numbers in parentheses indicate the number of resources of the given type used by the specific entity alone. The numbers listed outside of parentheses indicate the total resources of the given type used by the specific entity and all of its sub-entities in the hierarchy.


+------------------------------------------------------+
; General Register Statistics                          ;
+----------------------------------------------+-------+
; Statistic                                    ; Value ;
+----------------------------------------------+-------+
; Total registers                              ; 0     ;
; Number of registers using Synchronous Clear  ; 0     ;
; Number of registers using Synchronous Load   ; 0     ;
; Number of registers using Asynchronous Clear ; 0     ;
; Number of registers using Asynchronous Load  ; 0     ;
; Number of registers using Clock Enable       ; 0     ;
; Number of registers using Preset             ; 0     ;
+----------------------------------------------+-------+


+-------------------------------+
; Analysis & Synthesis Messages ;
+-------------------------------+
Info: *******************************************************************
Info: Running Quartus II Analysis & Synthesis
    Info: Version 9.1 Build 350 03/24/2010 Service Pack 2 SJ Web Edition
    Info: Processing started: Fri Nov 02 16:22:00 2018
Info: Command: quartus_map --read_settings_files=on --write_settings_files=off ULA_project -c ULA_project
Info: Found 1 design units, including 1 entities, in source file somador/fulladder.bdf
    Info: Found entity 1: FullAdder
Info: Found 1 design units, including 1 entities, in source file somador/mux2x1.bdf
    Info: Found entity 1: MUX2x1
Info: Found 1 design units, including 1 entities, in source file somador/sum.bdf
    Info: Found entity 1: Sum
Info: Found 1 design units, including 1 entities, in source file somador/carryout.bdf
    Info: Found entity 1: CarryOut
Info: Found 1 design units, including 1 entities, in source file igual/igual.bdf
    Info: Found entity 1: Igual
Info: Found 1 design units, including 1 entities, in source file igual/igualbit.bdf
    Info: Found entity 1: IgualBit
Info: Found 1 design units, including 1 entities, in source file somador/somador.bdf
    Info: Found entity 1: Somador
Info: Found 1 design units, including 1 entities, in source file complemento2/complemento2.bdf
    Info: Found entity 1: Complemento2
Info: Found 1 design units, including 1 entities, in source file and/andvector.bdf
    Info: Found entity 1: AndVector
Info: Found 1 design units, including 1 entities, in source file xor/xorvector.bdf
    Info: Found entity 1: XorVector
Info: Found 1 design units, including 1 entities, in source file maior/maiorbit.bdf
    Info: Found entity 1: MaiorBit
Info: Found 1 design units, including 1 entities, in source file maior/maior.bdf
    Info: Found entity 1: Maior
Info: Found 1 design units, including 1 entities, in source file menor/menorbit.bdf
    Info: Found entity 1: MenorBit
Info: Found 1 design units, including 1 entities, in source file menor/menor.bdf
    Info: Found entity 1: Menor
Info: Found 1 design units, including 1 entities, in source file somador/bcd.bdf
    Info: Found entity 1: BCD
Info: Found 1 design units, including 1 entities, in source file somador/bcdsegments.bdf
    Info: Found entity 1: BCDSegments
Info: Found 1 design units, including 1 entities, in source file mux/mux8x1.bdf
    Info: Found entity 1: MUX8x1
Info: Found 1 design units, including 1 entities, in source file mux/mux8x1vector.bdf
    Info: Found entity 1: MUX8x1Vector
Info: Found 1 design units, including 1 entities, in source file decodifocador_func/decodificador_func.bdf
    Info: Found entity 1: Decodificador_Func
Info: Found 1 design units, including 1 entities, in source file mux/mux8x1correct.bdf
    Info: Found entity 1: MUX8x1Correct
Info: Found 1 design units, including 1 entities, in source file ula.bdf
    Info: Found entity 1: ULA
Info: Found 1 design units, including 1 entities, in source file ula_final.bdf
    Info: Found entity 1: ULA_Final
Info: Elaborating entity "ULA_Final" for the top level hierarchy
Info: Elaborating entity "ULA" for hierarchy "ULA:inst"
Info: Elaborating entity "MUX8x1Correct" for hierarchy "ULA:inst|MUX8x1Correct:inst11"
Info: Elaborating entity "MUX8x1" for hierarchy "ULA:inst|MUX8x1Correct:inst11|MUX8x1:inst1"
Info: Elaborating entity "Igual" for hierarchy "ULA:inst|Igual:inst3"
Info: Elaborating entity "IgualBit" for hierarchy "ULA:inst|Igual:inst3|IgualBit:inst"
Info: Elaborating entity "Maior" for hierarchy "ULA:inst|Maior:inst4"
Info: Elaborating entity "MaiorBit" for hierarchy "ULA:inst|Maior:inst4|MaiorBit:inst"
Info: Elaborating entity "Menor" for hierarchy "ULA:inst|Menor:inst5"
Info: Elaborating entity "MenorBit" for hierarchy "ULA:inst|Menor:inst5|MenorBit:inst11"
Info: Elaborating entity "Somador" for hierarchy "ULA:inst|Somador:inst"
Info: Elaborating entity "FullAdder" for hierarchy "ULA:inst|Somador:inst|FullAdder:inst9"
Info: Elaborating entity "Sum" for hierarchy "ULA:inst|Somador:inst|FullAdder:inst9|Sum:inst"
Info: Elaborating entity "CarryOut" for hierarchy "ULA:inst|Somador:inst|FullAdder:inst9|CarryOut:inst2"
Info: Elaborating entity "MUX2x1" for hierarchy "ULA:inst|Somador:inst|MUX2x1:inst3"
Info: Elaborating entity "Complemento2" for hierarchy "ULA:inst|Complemento2:inst2"
Info: Elaborating entity "AndVector" for hierarchy "ULA:inst|AndVector:inst6"
Info: Elaborating entity "XorVector" for hierarchy "ULA:inst|XorVector:inst7"
Info: Elaborating entity "Decodificador_Func" for hierarchy "Decodificador_Func:inst1"
Warning: Output pins are stuck at VCC or GND
    Warning (13410): Pin "SINAL[6]" is stuck at VCC
    Warning (13410): Pin "SINAL[5]" is stuck at VCC
    Warning (13410): Pin "SINAL[4]" is stuck at VCC
    Warning (13410): Pin "SINAL[3]" is stuck at VCC
    Warning (13410): Pin "SINAL[2]" is stuck at VCC
    Warning (13410): Pin "SINAL[1]" is stuck at VCC
Info: Implemented 52 device resources after synthesis - the final resource count might be different
    Info: Implemented 11 input pins
    Info: Implemented 16 output pins
    Info: Implemented 25 logic cells
Info: Quartus II Analysis & Synthesis was successful. 0 errors, 7 warnings
    Info: Peak virtual memory: 239 megabytes
    Info: Processing ended: Fri Nov 02 16:22:04 2018
    Info: Elapsed time: 00:00:04
    Info: Total CPU time (on all processors): 00:00:03


